bun : $ next build
At line:1 char:1
+ bun run build > 
build_output.log 
2>&1
+ ~~~~~~~~~~~~~~~~~~
~~~~~~~~~~~~~~~~~~~
    + CategoryInfo  
            : NotS  
  pecified: ($ ne   
 xt build:String    
) [], RemoteExc    
eption
    + FullyQualifie 
   dErrorId : Nati  
  veCommandError
 
Γû▓ Next.js 16.1.6 (Turbopack)
- Environments: .env.local, .env

  Creating an optimized production build ...
Γ£ô Compiled successfully in 4.2s
  Running TypeScript ...
  Collecting page data using 11 workers ...
  Generating static pages using 11 workers (0/20) ...
Error occurred 
prerendering page 
"/dashboard/blog". 
Read more: https://n
extjs.org/docs/messa
ges/prerender-error
Error: Couldn't 
find next-intl 
config file. Please 
follow the 
instructions at http
s://next-intl.dev/do
cs/getting-started/a
pp-router
    at aC 
(C:\Users\S M Masraf
i\Documents\NEXT.JS\
masrafi.dev\.next\se
rver\chunks\ssr\[roo
t-of-the-server]__be
0b8e62._.js:6:4666)
    at <unknown> 
(C:\Users\S M Masraf
i\Documents\NEXT.JS\
masrafi.dev\.next\se
rver\chunks\ssr\[roo
t-of-the-server]__be
0b8e62._.js:6:4929)
    at <unknown> 
(C:\Users\S M Masraf
i\Documents\NEXT.JS\
masrafi.dev\.next\se
rver\chunks\ssr\[roo
t-of-the-server]__be
0b8e62._.js:6:5252)
    at <unknown> 
(C:\Users\S M Masraf
i\Documents\NEXT.JS\
masrafi.dev\.next\se
rver\chunks\ssr\[roo
t-of-the-server]__be
0b8e62._.js:6:12870)
    at a$ 
(C:\Users\S M Masraf
i\Documents\NEXT.JS\
masrafi.dev\.next\se
rver\chunks\ssr\[roo
t-of-the-server]__be
0b8e62._.js:6:13063)
    at a5 
(C:\Users\S M Masraf
i\Documents\NEXT.JS\
masrafi.dev\.next\se
rver\chunks\ssr\[roo
t-of-the-server]__be
0b8e62._.js:6:13739)
 {
  digest: 
'192078784'
}
Export encountered 
an error on /(admin)
/dashboard/blog/page
: /dashboard/blog, 
exiting the build.
Γ¿» Next.js build 
worker exited with 
code: 1 and signal: 
null
error: script 
"build" exited with 
code 1
